Analysis & Synthesis report for MEM
Wed Nov 13 19:26:01 2024
Quartus II Version 9.1 Build 350 03/24/2010 Service Pack 2 SJ Web Edition


---------------------
; Table of Contents ;
---------------------
  1. Legal Notice
  2. Analysis & Synthesis Summary
  3. Analysis & Synthesis Settings
  4. Parallel Compilation
  5. Analysis & Synthesis Source Files Read
  6. Analysis & Synthesis Resource Usage Summary
  7. Analysis & Synthesis Resource Utilization by Entity
  8. Analysis & Synthesis RAM Summary
  9. General Register Statistics
 10. Source assignments for Block2:inst6|LPM_ROM:inst1|altrom:srom|altsyncram:rom_block|altsyncram_hrv:auto_generated
 11. Source assignments for Block2:inst6|LPM_RAM_DP:inst0|altdpram:sram|altsyncram:ram_block|altsyncram_92r1:auto_generated
 12. Parameter Settings for User Entity Instance: LPM_BUSTRI:inst
 13. Parameter Settings for User Entity Instance: LPM_BUSTRI:inst2
 14. Parameter Settings for User Entity Instance: Block2:inst6|lpm_mux0:inst2|lpm_mux:lpm_mux_component
 15. Parameter Settings for User Entity Instance: Block2:inst6|LPM_ROM:inst1
 16. Parameter Settings for User Entity Instance: Block2:inst6|LPM_RAM_DP:inst0
 17. Parameter Settings for User Entity Instance: LPM_DFF:inst1
 18. Analysis & Synthesis Messages



----------------
; Legal Notice ;
----------------
Copyright (C) 1991-2010 Altera Corporation
Your use of Altera Corporation's design tools, logic functions 
and other software and tools, and its AMPP partner logic 
functions, and any output files from any of the foregoing 
(including device programming or simulation files), and any 
associated documentation or information are expressly subject 
to the terms and conditions of the Altera Program License 
Subscription Agreement, Altera MegaCore Function License 
Agreement, or other applicable license agreement, including, 
without limitation, that your use is for the sole purpose of 
programming logic devices manufactured by Altera and sold by 
Altera or its authorized distributors.  Please refer to the 
applicable agreement for further details.



+-----------------------------------------------------------------------------------+
; Analysis & Synthesis Summary                                                      ;
+------------------------------------+----------------------------------------------+
; Analysis & Synthesis Status        ; Successful - Wed Nov 13 19:26:01 2024        ;
; Quartus II Version                 ; 9.1 Build 350 03/24/2010 SP 2 SJ Web Edition ;
; Revision Name                      ; MEM                                          ;
; Top-level Entity Name              ; MEM                                          ;
; Family                             ; Cyclone III                                  ;
; Total logic elements               ; 18                                           ;
;     Total combinational functions  ; 18                                           ;
;     Dedicated logic registers      ; 8                                            ;
; Total registers                    ; 8                                            ;
; Total pins                         ; 37                                           ;
; Total virtual pins                 ; 0                                            ;
; Total memory bits                  ; 1,024                                        ;
; Embedded Multiplier 9-bit elements ; 0                                            ;
; Total PLLs                         ; 0                                            ;
+------------------------------------+----------------------------------------------+


+----------------------------------------------------------------------------------------------------------------------+
; Analysis & Synthesis Settings                                                                                        ;
+----------------------------------------------------------------------------+--------------------+--------------------+
; Option                                                                     ; Setting            ; Default Value      ;
+----------------------------------------------------------------------------+--------------------+--------------------+
; Device                                                                     ; EP3C10E144C8       ;                    ;
; Top-level entity name                                                      ; MEM                ; MEM                ;
; Family name                                                                ; Cyclone III        ; Stratix II         ;
; Use smart compilation                                                      ; Off                ; Off                ;
; Enable parallel Assembler and TimeQuest Timing Analyzer during compilation ; On                 ; On                 ;
; Enable compact report table                                                ; Off                ; Off                ;
; Restructure Multiplexers                                                   ; Auto               ; Auto               ;
; Create Debugging Nodes for IP Cores                                        ; Off                ; Off                ;
; Preserve fewer node names                                                  ; On                 ; On                 ;
; Disable OpenCore Plus hardware evaluation                                  ; Off                ; Off                ;
; Verilog Version                                                            ; Verilog_2001       ; Verilog_2001       ;
; VHDL Version                                                               ; VHDL_1993          ; VHDL_1993          ;
; State Machine Processing                                                   ; Auto               ; Auto               ;
; Safe State Machine                                                         ; Off                ; Off                ;
; Extract Verilog State Machines                                             ; On                 ; On                 ;
; Extract VHDL State Machines                                                ; On                 ; On                 ;
; Ignore Verilog initial constructs                                          ; Off                ; Off                ;
; Iteration limit for constant Verilog loops                                 ; 5000               ; 5000               ;
; Iteration limit for non-constant Verilog loops                             ; 250                ; 250                ;
; Add Pass-Through Logic to Inferred RAMs                                    ; On                 ; On                 ;
; Parallel Synthesis                                                         ; On                 ; On                 ;
; DSP Block Balancing                                                        ; Auto               ; Auto               ;
; NOT Gate Push-Back                                                         ; On                 ; On                 ;
; Power-Up Don't Care                                                        ; On                 ; On                 ;
; Remove Redundant Logic Cells                                               ; Off                ; Off                ;
; Remove Duplicate Registers                                                 ; On                 ; On                 ;
; Ignore CARRY Buffers                                                       ; Off                ; Off                ;
; Ignore CASCADE Buffers                                                     ; Off                ; Off                ;
; Ignore GLOBAL Buffers                                                      ; Off                ; Off                ;
; Ignore ROW GLOBAL Buffers                                                  ; Off                ; Off                ;
; Ignore LCELL Buffers                                                       ; Off                ; Off                ;
; Ignore SOFT Buffers                                                        ; On                 ; On                 ;
; Limit AHDL Integers to 32 Bits                                             ; Off                ; Off                ;
; Optimization Technique                                                     ; Balanced           ; Balanced           ;
; Carry Chain Length                                                         ; 70                 ; 70                 ;
; Auto Carry Chains                                                          ; On                 ; On                 ;
; Auto Open-Drain Pins                                                       ; On                 ; On                 ;
; Perform WYSIWYG Primitive Resynthesis                                      ; Off                ; Off                ;
; Auto ROM Replacement                                                       ; On                 ; On                 ;
; Auto RAM Replacement                                                       ; On                 ; On                 ;
; Auto DSP Block Replacement                                                 ; On                 ; On                 ;
; Auto Shift Register Replacement                                            ; Auto               ; Auto               ;
; Auto Clock Enable Replacement                                              ; On                 ; On                 ;
; Strict RAM Replacement                                                     ; Off                ; Off                ;
; Allow Synchronous Control Signals                                          ; On                 ; On                 ;
; Force Use of Synchronous Clear Signals                                     ; Off                ; Off                ;
; Auto RAM Block Balancing                                                   ; On                 ; On                 ;
; Auto RAM to Logic Cell Conversion                                          ; Off                ; Off                ;
; Auto Resource Sharing                                                      ; Off                ; Off                ;
; Allow Any RAM Size For Recognition                                         ; Off                ; Off                ;
; Allow Any ROM Size For Recognition                                         ; Off                ; Off                ;
; Allow Any Shift Register Size For Recognition                              ; Off                ; Off                ;
; Use LogicLock Constraints during Resource Balancing                        ; On                 ; On                 ;
; Ignore translate_off and synthesis_off directives                          ; Off                ; Off                ;
; Timing-Driven Synthesis                                                    ; On                 ; On                 ;
; Show Parameter Settings Tables in Synthesis Report                         ; On                 ; On                 ;
; Ignore Maximum Fan-Out Assignments                                         ; Off                ; Off                ;
; Synchronization Register Chain Length                                      ; 2                  ; 2                  ;
; PowerPlay Power Optimization                                               ; Normal compilation ; Normal compilation ;
; HDL message level                                                          ; Level2             ; Level2             ;
; Suppress Register Optimization Related Messages                            ; Off                ; Off                ;
; Number of Removed Registers Reported in Synthesis Report                   ; 5000               ; 5000               ;
; Number of Inverted Registers Reported in Synthesis Report                  ; 100                ; 100                ;
; Clock MUX Protection                                                       ; On                 ; On                 ;
; Auto Gated Clock Conversion                                                ; Off                ; Off                ;
; Block Design Naming                                                        ; Auto               ; Auto               ;
; SDC constraint protection                                                  ; Off                ; Off                ;
; Synthesis Effort                                                           ; Auto               ; Auto               ;
; Shift Register Replacement - Allow Asynchronous Clear Signal               ; On                 ; On                 ;
; Analysis & Synthesis Message Level                                         ; Medium             ; Medium             ;
; Disable Register Merging Across Hierarchies                                ; Auto               ; Auto               ;
; Resource Aware Inference For Block RAM                                     ; On                 ; On                 ;
+----------------------------------------------------------------------------+--------------------+--------------------+


Parallel compilation was disabled, but you have multiple processors available. Enable parallel compilation to reduce compilation time.
+-------------------------------------+
; Parallel Compilation                ;
+----------------------------+--------+
; Processors                 ; Number ;
+----------------------------+--------+
; Number detected on machine ; 10     ;
; Maximum allowed            ; 1      ;
+----------------------------+--------+


+-----------------------------------------------------------------------------------------------------------------------------------------------------+
; Analysis & Synthesis Source Files Read                                                                                                              ;
+----------------------------------+-----------------+------------------------------------+-----------------------------------------------------------+
; File Name with User-Entered Path ; Used in Netlist ; File Type                          ; File Name with Absolute Path                              ;
+----------------------------------+-----------------+------------------------------------+-----------------------------------------------------------+
; MEM.bdf                          ; yes             ; User Block Diagram/Schematic File  ; D:/quartus/quartus/mem/MEM.bdf                            ;
; Block2.bdf                       ; yes             ; User Block Diagram/Schematic File  ; D:/quartus/quartus/mem/Block2.bdf                         ;
; MEM.mif                          ; yes             ; User Memory Initialization File    ; D:/quartus/quartus/mem/MEM.mif                            ;
; lpm_bustri.tdf                   ; yes             ; Megafunction                       ; d:/quartus/quartus/libraries/megafunctions/lpm_bustri.tdf ;
; lpm_mux0.tdf                     ; yes             ; Auto-Found Wizard-Generated File   ; D:/quartus/quartus/mem/lpm_mux0.tdf                       ;
; lpm_mux.inc                      ; yes             ; Megafunction                       ; d:/quartus/quartus/libraries/megafunctions/lpm_mux.inc    ;
; lpm_mux.tdf                      ; yes             ; Megafunction                       ; d:/quartus/quartus/libraries/megafunctions/lpm_mux.tdf    ;
; db/mux_5qc.tdf                   ; yes             ; Auto-Generated Megafunction        ; D:/quartus/quartus/mem/db/mux_5qc.tdf                     ;
; lpm_rom.tdf                      ; yes             ; Megafunction                       ; d:/quartus/quartus/libraries/megafunctions/lpm_rom.tdf    ;
; altrom.tdf                       ; yes             ; Megafunction                       ; d:/quartus/quartus/libraries/megafunctions/altrom.tdf     ;
; altsyncram.tdf                   ; yes             ; Megafunction                       ; d:/quartus/quartus/libraries/megafunctions/altsyncram.tdf ;
; db/altsyncram_hrv.tdf            ; yes             ; Auto-Generated Megafunction        ; D:/quartus/quartus/mem/db/altsyncram_hrv.tdf              ;
; lpm_ram_dp.tdf                   ; yes             ; Megafunction                       ; d:/quartus/quartus/libraries/megafunctions/lpm_ram_dp.tdf ;
; altdpram.tdf                     ; yes             ; Megafunction                       ; d:/quartus/quartus/libraries/megafunctions/altdpram.tdf   ;
; db/altsyncram_92r1.tdf           ; yes             ; Auto-Generated Megafunction        ; D:/quartus/quartus/mem/db/altsyncram_92r1.tdf             ;
; lpm_dff.tdf                      ; yes             ; Megafunction                       ; d:/quartus/quartus/libraries/megafunctions/lpm_dff.tdf    ;
+----------------------------------+-----------------+------------------------------------+-----------------------------------------------------------+


+---------------------------------------------------------+
; Analysis & Synthesis Resource Usage Summary             ;
+---------------------------------------------+-----------+
; Resource                                    ; Usage     ;
+---------------------------------------------+-----------+
; Estimated Total logic elements              ; 18        ;
;                                             ;           ;
; Total combinational functions               ; 18        ;
; Logic element usage by number of LUT inputs ;           ;
;     -- 4 input functions                    ; 8         ;
;     -- 3 input functions                    ; 8         ;
;     -- <=2 input functions                  ; 2         ;
;                                             ;           ;
; Logic elements by mode                      ;           ;
;     -- normal mode                          ; 18        ;
;     -- arithmetic mode                      ; 0         ;
;                                             ;           ;
; Total registers                             ; 8         ;
;     -- Dedicated logic registers            ; 8         ;
;     -- I/O registers                        ; 0         ;
;                                             ;           ;
; I/O pins                                    ; 37        ;
; Total memory bits                           ; 1024      ;
; Maximum fan-out node                        ; CLK~input ;
; Maximum fan-out                             ; 24        ;
; Total fan-out                               ; 289       ;
; Average fan-out                             ; 2.49      ;
+---------------------------------------------+-----------+


+-----------------------------------------------------------------------------------------------------------------------------------------------------------------------------------------------------------------------------------------------------------------------------------+
; Analysis & Synthesis Resource Utilization by Entity                                                                                                                                                                                                                               ;
+-------------------------------------------------+-------------------+--------------+-------------+--------------+---------+-----------+------+--------------+------------------------------------------------------------------------------------------------------+--------------+
; Compilation Hierarchy Node                      ; LC Combinationals ; LC Registers ; Memory Bits ; DSP Elements ; DSP 9x9 ; DSP 18x18 ; Pins ; Virtual Pins ; Full Hierarchy Name                                                                                  ; Library Name ;
+-------------------------------------------------+-------------------+--------------+-------------+--------------+---------+-----------+------+--------------+------------------------------------------------------------------------------------------------------+--------------+
; |MEM                                            ; 18 (0)            ; 8 (0)        ; 1024        ; 0            ; 0       ; 0         ; 37   ; 0            ; |MEM                                                                                                 ; work         ;
;    |Block2:inst6|                               ; 9 (1)             ; 0 (0)        ; 1024        ; 0            ; 0       ; 0         ; 0    ; 0            ; |MEM|Block2:inst6                                                                                    ; work         ;
;       |lpm_mux0:inst2|                          ; 8 (0)             ; 0 (0)        ; 0           ; 0            ; 0       ; 0         ; 0    ; 0            ; |MEM|Block2:inst6|lpm_mux0:inst2                                                                     ; work         ;
;          |lpm_mux:lpm_mux_component|            ; 8 (0)             ; 0 (0)        ; 0           ; 0            ; 0       ; 0         ; 0    ; 0            ; |MEM|Block2:inst6|lpm_mux0:inst2|lpm_mux:lpm_mux_component                                           ; work         ;
;             |mux_5qc:auto_generated|            ; 8 (8)             ; 0 (0)        ; 0           ; 0            ; 0       ; 0         ; 0    ; 0            ; |MEM|Block2:inst6|lpm_mux0:inst2|lpm_mux:lpm_mux_component|mux_5qc:auto_generated                    ; work         ;
;       |lpm_ram_dp:inst0|                        ; 0 (0)             ; 0 (0)        ; 512         ; 0            ; 0       ; 0         ; 0    ; 0            ; |MEM|Block2:inst6|lpm_ram_dp:inst0                                                                   ; work         ;
;          |altdpram:sram|                        ; 0 (0)             ; 0 (0)        ; 512         ; 0            ; 0       ; 0         ; 0    ; 0            ; |MEM|Block2:inst6|lpm_ram_dp:inst0|altdpram:sram                                                     ;              ;
;             |altsyncram:ram_block|              ; 0 (0)             ; 0 (0)        ; 512         ; 0            ; 0       ; 0         ; 0    ; 0            ; |MEM|Block2:inst6|lpm_ram_dp:inst0|altdpram:sram|altsyncram:ram_block                                ;              ;
;                |altsyncram_92r1:auto_generated| ; 0 (0)             ; 0 (0)        ; 512         ; 0            ; 0       ; 0         ; 0    ; 0            ; |MEM|Block2:inst6|lpm_ram_dp:inst0|altdpram:sram|altsyncram:ram_block|altsyncram_92r1:auto_generated ;              ;
;       |lpm_rom:inst1|                           ; 0 (0)             ; 0 (0)        ; 512         ; 0            ; 0       ; 0         ; 0    ; 0            ; |MEM|Block2:inst6|lpm_rom:inst1                                                                      ; work         ;
;          |altrom:srom|                          ; 0 (0)             ; 0 (0)        ; 512         ; 0            ; 0       ; 0         ; 0    ; 0            ; |MEM|Block2:inst6|lpm_rom:inst1|altrom:srom                                                          ; work         ;
;             |altsyncram:rom_block|              ; 0 (0)             ; 0 (0)        ; 512         ; 0            ; 0       ; 0         ; 0    ; 0            ; |MEM|Block2:inst6|lpm_rom:inst1|altrom:srom|altsyncram:rom_block                                     ; work         ;
;                |altsyncram_hrv:auto_generated|  ; 0 (0)             ; 0 (0)        ; 512         ; 0            ; 0       ; 0         ; 0    ; 0            ; |MEM|Block2:inst6|lpm_rom:inst1|altrom:srom|altsyncram:rom_block|altsyncram_hrv:auto_generated       ; work         ;
;    |lpm_bustri:inst|                            ; 9 (9)             ; 0 (0)        ; 0           ; 0            ; 0       ; 0         ; 0    ; 0            ; |MEM|lpm_bustri:inst                                                                                 ;              ;
;    |lpm_dff:inst1|                              ; 0 (0)             ; 8 (8)        ; 0           ; 0            ; 0       ; 0         ; 0    ; 0            ; |MEM|lpm_dff:inst1                                                                                   ;              ;
+-------------------------------------------------+-------------------+--------------+-------------+--------------+---------+-----------+------+--------------+------------------------------------------------------------------------------------------------------+--------------+
Note: For table entries with two numbers listed, the numbers in parentheses indicate the number of resources of the given type used by the specific entity alone. The numbers listed outside of parentheses indicate the total resources of the given type used by the specific entity and all of its sub-entities in the hierarchy.


+-------------------------------------------------------------------------------------------------------------------------------------------------------------------------------------------------------------------+
; Analysis & Synthesis RAM Summary                                                                                                                                                                                  ;
+------------------------------------------------------------------------------------------------------------+------+------------------+--------------+--------------+--------------+--------------+------+---------+
; Name                                                                                                       ; Type ; Mode             ; Port A Depth ; Port A Width ; Port B Depth ; Port B Width ; Size ; MIF     ;
+------------------------------------------------------------------------------------------------------------+------+------------------+--------------+--------------+--------------+--------------+------+---------+
; Block2:inst6|lpm_ram_dp:inst0|altdpram:sram|altsyncram:ram_block|altsyncram_92r1:auto_generated|ALTSYNCRAM ; AUTO ; Simple Dual Port ; 64           ; 8            ; 64           ; 8            ; 512  ; None    ;
; Block2:inst6|lpm_rom:inst1|altrom:srom|altsyncram:rom_block|altsyncram_hrv:auto_generated|ALTSYNCRAM       ; AUTO ; ROM              ; 64           ; 8            ; --           ; --           ; 512  ; MEM.mif ;
+------------------------------------------------------------------------------------------------------------+------+------------------+--------------+--------------+--------------+--------------+------+---------+


+------------------------------------------------------+
; General Register Statistics                          ;
+----------------------------------------------+-------+
; Statistic                                    ; Value ;
+----------------------------------------------+-------+
; Total registers                              ; 8     ;
; Number of registers using Synchronous Clear  ; 0     ;
; Number of registers using Synchronous Load   ; 0     ;
; Number of registers using Asynchronous Clear ; 0     ;
; Number of registers using Asynchronous Load  ; 0     ;
; Number of registers using Clock Enable       ; 8     ;
; Number of registers using Preset             ; 0     ;
+----------------------------------------------+-------+


+------------------------------------------------------------------------------------------------------------------+
; Source assignments for Block2:inst6|LPM_ROM:inst1|altrom:srom|altsyncram:rom_block|altsyncram_hrv:auto_generated ;
+---------------------------------+--------------------+------+----------------------------------------------------+
; Assignment                      ; Value              ; From ; To                                                 ;
+---------------------------------+--------------------+------+----------------------------------------------------+
; OPTIMIZE_POWER_DURING_SYNTHESIS ; NORMAL_COMPILATION ; -    ; -                                                  ;
+---------------------------------+--------------------+------+----------------------------------------------------+


+------------------------------------------------------------------------------------------------------------------------+
; Source assignments for Block2:inst6|LPM_RAM_DP:inst0|altdpram:sram|altsyncram:ram_block|altsyncram_92r1:auto_generated ;
+---------------------------------+--------------------+------+----------------------------------------------------------+
; Assignment                      ; Value              ; From ; To                                                       ;
+---------------------------------+--------------------+------+----------------------------------------------------------+
; OPTIMIZE_POWER_DURING_SYNTHESIS ; NORMAL_COMPILATION ; -    ; -                                                        ;
+---------------------------------+--------------------+------+----------------------------------------------------------+


+--------------------------------------------------------------+
; Parameter Settings for User Entity Instance: LPM_BUSTRI:inst ;
+----------------+-------+-------------------------------------+
; Parameter Name ; Value ; Type                                ;
+----------------+-------+-------------------------------------+
; LPM_WIDTH      ; 8     ; Untyped                             ;
+----------------+-------+-------------------------------------+
Note: In order to hide this table in the UI and the text report file, please set the "Show Parameter Settings Tables in Synthesis Report" option in "Analysis and Synthesis Settings -> More Settings" to "Off".


+---------------------------------------------------------------+
; Parameter Settings for User Entity Instance: LPM_BUSTRI:inst2 ;
+----------------+-------+--------------------------------------+
; Parameter Name ; Value ; Type                                 ;
+----------------+-------+--------------------------------------+
; LPM_WIDTH      ; 8     ; Untyped                              ;
+----------------+-------+--------------------------------------+
Note: In order to hide this table in the UI and the text report file, please set the "Show Parameter Settings Tables in Synthesis Report" option in "Analysis and Synthesis Settings -> More Settings" to "Off".


+----------------------------------------------------------------------------------------------------+
; Parameter Settings for User Entity Instance: Block2:inst6|lpm_mux0:inst2|lpm_mux:lpm_mux_component ;
+------------------------+-------------+-------------------------------------------------------------+
; Parameter Name         ; Value       ; Type                                                        ;
+------------------------+-------------+-------------------------------------------------------------+
; AUTO_CARRY_CHAINS      ; ON          ; AUTO_CARRY                                                  ;
; IGNORE_CARRY_BUFFERS   ; OFF         ; IGNORE_CARRY                                                ;
; AUTO_CASCADE_CHAINS    ; ON          ; AUTO_CASCADE                                                ;
; IGNORE_CASCADE_BUFFERS ; OFF         ; IGNORE_CASCADE                                              ;
; LPM_WIDTH              ; 8           ; Untyped                                                     ;
; LPM_SIZE               ; 2           ; Untyped                                                     ;
; LPM_WIDTHS             ; 1           ; Untyped                                                     ;
; LPM_PIPELINE           ; 0           ; Untyped                                                     ;
; CBXI_PARAMETER         ; mux_5qc     ; Untyped                                                     ;
; DEVICE_FAMILY          ; Cyclone III ; Untyped                                                     ;
+------------------------+-------------+-------------------------------------------------------------+
Note: In order to hide this table in the UI and the text report file, please set the "Show Parameter Settings Tables in Synthesis Report" option in "Analysis and Synthesis Settings -> More Settings" to "Off".


+-------------------------------------------------------------------------+
; Parameter Settings for User Entity Instance: Block2:inst6|LPM_ROM:inst1 ;
+------------------------+--------------+---------------------------------+
; Parameter Name         ; Value        ; Type                            ;
+------------------------+--------------+---------------------------------+
; LPM_WIDTH              ; 8            ; Untyped                         ;
; LPM_WIDTHAD            ; 6            ; Untyped                         ;
; LPM_NUMWORDS           ; 64           ; Untyped                         ;
; LPM_ADDRESS_CONTROL    ; REGISTERED   ; Untyped                         ;
; LPM_OUTDATA            ; UNREGISTERED ; Untyped                         ;
; LPM_FILE               ; MEM.mif      ; Untyped                         ;
; DEVICE_FAMILY          ; Cyclone III  ; Untyped                         ;
; AUTO_CARRY_CHAINS      ; ON           ; AUTO_CARRY                      ;
; IGNORE_CARRY_BUFFERS   ; OFF          ; IGNORE_CARRY                    ;
; AUTO_CASCADE_CHAINS    ; ON           ; AUTO_CASCADE                    ;
; IGNORE_CASCADE_BUFFERS ; OFF          ; IGNORE_CASCADE                  ;
+------------------------+--------------+---------------------------------+
Note: In order to hide this table in the UI and the text report file, please set the "Show Parameter Settings Tables in Synthesis Report" option in "Analysis and Synthesis Settings -> More Settings" to "Off".


+----------------------------------------------------------------------------+
; Parameter Settings for User Entity Instance: Block2:inst6|LPM_RAM_DP:inst0 ;
+------------------------+--------------+------------------------------------+
; Parameter Name         ; Value        ; Type                               ;
+------------------------+--------------+------------------------------------+
; WIDTH_BYTEENA          ; 1            ; Untyped                            ;
; LPM_WIDTH              ; 8            ; Untyped                            ;
; LPM_WIDTHAD            ; 6            ; Untyped                            ;
; LPM_NUMWORDS           ; 64           ; Untyped                            ;
; LPM_INDATA             ; REGISTERED   ; Untyped                            ;
; LPM_RDADDRESS_CONTROL  ; REGISTERED   ; Untyped                            ;
; LPM_WRADDRESS_CONTROL  ; REGISTERED   ; Untyped                            ;
; LPM_OUTDATA            ; UNREGISTERED ; Untyped                            ;
; LPM_FILE               ; UNUSED       ; Untyped                            ;
; USE_EAB                ; ON           ; Untyped                            ;
; DEVICE_FAMILY          ; Cyclone III  ; Untyped                            ;
; AUTO_CARRY_CHAINS      ; ON           ; AUTO_CARRY                         ;
; IGNORE_CARRY_BUFFERS   ; OFF          ; IGNORE_CARRY                       ;
; AUTO_CASCADE_CHAINS    ; ON           ; AUTO_CASCADE                       ;
; IGNORE_CASCADE_BUFFERS ; OFF          ; IGNORE_CASCADE                     ;
+------------------------+--------------+------------------------------------+
Note: In order to hide this table in the UI and the text report file, please set the "Show Parameter Settings Tables in Synthesis Report" option in "Analysis and Synthesis Settings -> More Settings" to "Off".


+------------------------------------------------------------+
; Parameter Settings for User Entity Instance: LPM_DFF:inst1 ;
+------------------------+-------------+---------------------+
; Parameter Name         ; Value       ; Type                ;
+------------------------+-------------+---------------------+
; LPM_WIDTH              ; 8           ; Untyped             ;
; LPM_AVALUE             ; 0           ; Untyped             ;
; LPM_SVALUE             ; 0           ; Untyped             ;
; DEVICE_FAMILY          ; Cyclone III ; Untyped             ;
; AUTO_CARRY_CHAINS      ; ON          ; AUTO_CARRY          ;
; IGNORE_CARRY_BUFFERS   ; OFF         ; IGNORE_CARRY        ;
; AUTO_CASCADE_CHAINS    ; ON          ; AUTO_CASCADE        ;
; IGNORE_CASCADE_BUFFERS ; OFF         ; IGNORE_CASCADE      ;
+------------------------+-------------+---------------------+
Note: In order to hide this table in the UI and the text report file, please set the "Show Parameter Settings Tables in Synthesis Report" option in "Analysis and Synthesis Settings -> More Settings" to "Off".


+-------------------------------+
; Analysis & Synthesis Messages ;
+-------------------------------+
Info: *******************************************************************
Info: Running Quartus II Analysis & Synthesis
    Info: Version 9.1 Build 350 03/24/2010 Service Pack 2 SJ Web Edition
    Info: Processing started: Wed Nov 13 19:25:57 2024
Info: Command: quartus_map --read_settings_files=on --write_settings_files=off MEM -c MEM
Warning: Tcl Script File ../lpm_mux2.qip not found
    Info: set_global_assignment -name QIP_FILE ../lpm_mux2.qip
Info: Found 1 design units, including 1 entities, in source file mem.bdf
    Info: Found entity 1: MEM
Info: Found 1 design units, including 1 entities, in source file block2.bdf
    Info: Found entity 1: Block2
Info: Elaborating entity "MEM" for the top level hierarchy
Info: Elaborating entity "LPM_BUSTRI" for hierarchy "LPM_BUSTRI:inst"
Info: Elaborated megafunction instantiation "LPM_BUSTRI:inst"
Info: Instantiated megafunction "LPM_BUSTRI:inst" with the following parameter:
    Info: Parameter "LPM_WIDTH" = "8"
Info: Elaborating entity "Block2" for hierarchy "Block2:inst6"
Warning: Using design file lpm_mux0.tdf, which is not specified as a design file for the current project, but contains definitions for 1 design units and 1 entities in project
    Info: Found entity 1: lpm_mux0
Info: Elaborating entity "lpm_mux0" for hierarchy "Block2:inst6|lpm_mux0:inst2"
Info: Elaborating entity "lpm_mux" for hierarchy "Block2:inst6|lpm_mux0:inst2|lpm_mux:lpm_mux_component"
Info: Elaborated megafunction instantiation "Block2:inst6|lpm_mux0:inst2|lpm_mux:lpm_mux_component"
Info: Instantiated megafunction "Block2:inst6|lpm_mux0:inst2|lpm_mux:lpm_mux_component" with the following parameter:
    Info: Parameter "LPM_TYPE" = "LPM_MUX"
    Info: Parameter "LPM_WIDTH" = "8"
    Info: Parameter "LPM_SIZE" = "2"
    Info: Parameter "LPM_WIDTHS" = "1"
Info: Found 1 design units, including 1 entities, in source file db/mux_5qc.tdf
    Info: Found entity 1: mux_5qc
Info: Elaborating entity "mux_5qc" for hierarchy "Block2:inst6|lpm_mux0:inst2|lpm_mux:lpm_mux_component|mux_5qc:auto_generated"
Info: Elaborating entity "LPM_ROM" for hierarchy "Block2:inst6|LPM_ROM:inst1"
Info: Elaborated megafunction instantiation "Block2:inst6|LPM_ROM:inst1"
Info: Instantiated megafunction "Block2:inst6|LPM_ROM:inst1" with the following parameter:
    Info: Parameter "LPM_FILE" = "MEM.mif"
    Info: Parameter "LPM_NUMWORDS" = "64"
    Info: Parameter "LPM_OUTDATA" = "UNREGISTERED"
    Info: Parameter "LPM_WIDTH" = "8"
    Info: Parameter "LPM_WIDTHAD" = "6"
Info: Elaborating entity "altrom" for hierarchy "Block2:inst6|LPM_ROM:inst1|altrom:srom"
Info: Elaborated megafunction instantiation "Block2:inst6|LPM_ROM:inst1|altrom:srom", which is child of megafunction instantiation "Block2:inst6|LPM_ROM:inst1"
Info: Elaborating entity "altsyncram" for hierarchy "Block2:inst6|LPM_ROM:inst1|altrom:srom|altsyncram:rom_block"
Info: Elaborated megafunction instantiation "Block2:inst6|LPM_ROM:inst1|altrom:srom|altsyncram:rom_block", which is child of megafunction instantiation "Block2:inst6|LPM_ROM:inst1"
Info: Found 1 design units, including 1 entities, in source file db/altsyncram_hrv.tdf
    Info: Found entity 1: altsyncram_hrv
Info: Elaborating entity "altsyncram_hrv" for hierarchy "Block2:inst6|LPM_ROM:inst1|altrom:srom|altsyncram:rom_block|altsyncram_hrv:auto_generated"
Info: Elaborating entity "LPM_RAM_DP" for hierarchy "Block2:inst6|LPM_RAM_DP:inst0"
Info: Elaborated megafunction instantiation "Block2:inst6|LPM_RAM_DP:inst0"
Info: Instantiated megafunction "Block2:inst6|LPM_RAM_DP:inst0" with the following parameter:
    Info: Parameter "LPM_INDATA" = "REGISTERED"
    Info: Parameter "LPM_NUMWORDS" = "64"
    Info: Parameter "LPM_OUTDATA" = "UNREGISTERED"
    Info: Parameter "LPM_RDADDRESS_CONTROL" = "REGISTERED"
    Info: Parameter "LPM_WIDTH" = "8"
    Info: Parameter "LPM_WIDTHAD" = "6"
    Info: Parameter "LPM_WRADDRESS_CONTROL" = "REGISTERED"
Info: Elaborating entity "altdpram" for hierarchy "Block2:inst6|LPM_RAM_DP:inst0|altdpram:sram"
Info: Elaborated megafunction instantiation "Block2:inst6|LPM_RAM_DP:inst0|altdpram:sram", which is child of megafunction instantiation "Block2:inst6|LPM_RAM_DP:inst0"
Info: Elaborating entity "altsyncram" for hierarchy "Block2:inst6|LPM_RAM_DP:inst0|altdpram:sram|altsyncram:ram_block"
Info: Elaborated megafunction instantiation "Block2:inst6|LPM_RAM_DP:inst0|altdpram:sram|altsyncram:ram_block", which is child of megafunction instantiation "Block2:inst6|LPM_RAM_DP:inst0"
Info: Found 1 design units, including 1 entities, in source file db/altsyncram_92r1.tdf
    Info: Found entity 1: altsyncram_92r1
Info: Elaborating entity "altsyncram_92r1" for hierarchy "Block2:inst6|LPM_RAM_DP:inst0|altdpram:sram|altsyncram:ram_block|altsyncram_92r1:auto_generated"
Info: Elaborating entity "LPM_DFF" for hierarchy "LPM_DFF:inst1"
Info: Elaborated megafunction instantiation "LPM_DFF:inst1"
Info: Instantiated megafunction "LPM_DFF:inst1" with the following parameter:
    Info: Parameter "LPM_WIDTH" = "8"
Warning: Tri-state node(s) do not directly drive top-level pin(s)
    Warning: Converted tri-state buffer "Block2:inst6|lpm_rom:inst1|otri[7]" feeding internal logic into a wire
    Warning: Converted tri-state buffer "Block2:inst6|lpm_rom:inst1|otri[6]" feeding internal logic into a wire
    Warning: Converted tri-state buffer "Block2:inst6|lpm_rom:inst1|otri[5]" feeding internal logic into a wire
    Warning: Converted tri-state buffer "Block2:inst6|lpm_rom:inst1|otri[4]" feeding internal logic into a wire
    Warning: Converted tri-state buffer "Block2:inst6|lpm_rom:inst1|otri[3]" feeding internal logic into a wire
    Warning: Converted tri-state buffer "Block2:inst6|lpm_rom:inst1|otri[2]" feeding internal logic into a wire
    Warning: Converted tri-state buffer "Block2:inst6|lpm_rom:inst1|otri[1]" feeding internal logic into a wire
    Warning: Converted tri-state buffer "Block2:inst6|lpm_rom:inst1|otri[0]" feeding internal logic into a wire
Warning: Tri-state node(s) do not directly drive top-level pin(s)
    Warning: Converted the fan-out from the tri-state buffer "lpm_bustri:inst|dout[7]" to the node "Block2:inst6|lpm_ram_dp:inst0|altdpram:sram|altsyncram:ram_block|altsyncram_92r1:auto_generated|q_b[7]" into an OR gate
    Warning: Converted the fan-out from the tri-state buffer "lpm_bustri:inst|dout[6]" to the node "Block2:inst6|lpm_ram_dp:inst0|altdpram:sram|altsyncram:ram_block|altsyncram_92r1:auto_generated|q_b[6]" into an OR gate
    Warning: Converted the fan-out from the tri-state buffer "lpm_bustri:inst|dout[5]" to the node "Block2:inst6|lpm_ram_dp:inst0|altdpram:sram|altsyncram:ram_block|altsyncram_92r1:auto_generated|q_b[5]" into an OR gate
    Warning: Converted the fan-out from the tri-state buffer "lpm_bustri:inst|dout[4]" to the node "Block2:inst6|lpm_ram_dp:inst0|altdpram:sram|altsyncram:ram_block|altsyncram_92r1:auto_generated|q_b[4]" into an OR gate
    Warning: Converted the fan-out from the tri-state buffer "lpm_bustri:inst|dout[3]" to the node "Block2:inst6|lpm_ram_dp:inst0|altdpram:sram|altsyncram:ram_block|altsyncram_92r1:auto_generated|q_b[3]" into an OR gate
    Warning: Converted the fan-out from the tri-state buffer "lpm_bustri:inst|dout[2]" to the node "Block2:inst6|lpm_ram_dp:inst0|altdpram:sram|altsyncram:ram_block|altsyncram_92r1:auto_generated|q_b[2]" into an OR gate
    Warning: Converted the fan-out from the tri-state buffer "lpm_bustri:inst|dout[1]" to the node "Block2:inst6|lpm_ram_dp:inst0|altdpram:sram|altsyncram:ram_block|altsyncram_92r1:auto_generated|q_b[1]" into an OR gate
    Warning: Converted the fan-out from the tri-state buffer "lpm_bustri:inst|dout[0]" to the node "Block2:inst6|lpm_ram_dp:inst0|altdpram:sram|altsyncram:ram_block|altsyncram_92r1:auto_generated|q_b[0]" into an OR gate
Info: Timing-Driven Synthesis is running
Info: Implemented 79 device resources after synthesis - the final resource count might be different
    Info: Implemented 13 input pins
    Info: Implemented 24 output pins
    Info: Implemented 26 logic cells
    Info: Implemented 16 RAM segments
Info: Quartus II Analysis & Synthesis was successful. 0 errors, 20 warnings
    Info: Peak virtual memory: 257 megabytes
    Info: Processing ended: Wed Nov 13 19:26:01 2024
    Info: Elapsed time: 00:00:04
    Info: Total CPU time (on all processors): 00:00:03


