Flow report for registerblock
Tue Oct 15 22:27:37 2024
Quartus II 64-Bit Version 13.1.0 Build 162 10/23/2013 SJ Full Version


---------------------
; Table of Contents ;
---------------------
  1. Legal Notice
  2. Flow Summary
  3. Flow Settings
  4. Flow Non-Default Global Settings
  5. Flow Elapsed Time
  6. Flow OS Summary
  7. Flow Log
  8. Flow Messages
  9. Flow Suppressed Messages



----------------
; Legal Notice ;
----------------
Copyright (C) 1991-2013 Altera Corporation
Your use of Altera Corporation's design tools, logic functions 
and other software and tools, and its AMPP partner logic 
functions, and any output files from any of the foregoing 
(including device programming or simulation files), and any 
associated documentation or information are expressly subject 
to the terms and conditions of the Altera Program License 
Subscription Agreement, Altera MegaCore Function License 
Agreement, or other applicable license agreement, including, 
without limitation, that your use is for the sole purpose of 
programming logic devices manufactured by Altera and sold by 
Altera or its authorized distributors.  Please refer to the 
applicable agreement for further details.



+----------------------------------------------------------------------------------+
; Flow Summary                                                                     ;
+------------------------------------+---------------------------------------------+
; Flow Status                        ; Successful - Tue Oct 15 22:27:37 2024       ;
; Quartus II 64-Bit Version          ; 13.1.0 Build 162 10/23/2013 SJ Full Version ;
; Revision Name                      ; registerblock                               ;
; Top-level Entity Name              ; registerblock                               ;
; Family                             ; Cyclone III LS                              ;
; Total logic elements               ; 36 / 70,208 ( < 1 % )                       ;
;     Total combinational functions  ; 20 / 70,208 ( < 1 % )                       ;
;     Dedicated logic registers      ; 32 / 70,208 ( < 1 % )                       ;
; Total registers                    ; 32                                          ;
; Total pins                         ; 23 / 295 ( 8 % )                            ;
; Total virtual pins                 ; 0                                           ;
; Total memory bits                  ; 0 / 3,068,928 ( 0 % )                       ;
; Embedded Multiplier 9-bit elements ; 0 / 400 ( 0 % )                             ;
; Total PLLs                         ; 0 / 4 ( 0 % )                               ;
; Device                             ; EP3CLS70F484C7                              ;
; Timing Models                      ; Final                                       ;
+------------------------------------+---------------------------------------------+


+-----------------------------------------+
; Flow Settings                           ;
+-------------------+---------------------+
; Option            ; Setting             ;
+-------------------+---------------------+
; Start date & time ; 10/15/2024 22:27:06 ;
; Main task         ; Compilation         ;
; Revision Name     ; registerblock       ;
+-------------------+---------------------+


+------------------------------------------------------------------------------------------------------------------------------------+
; Flow Non-Default Global Settings                                                                                                   ;
+-------------------------------------+-----------------------------------------------+---------------+-------------+----------------+
; Assignment Name                     ; Value                                         ; Default Value ; Entity Name ; Section Id     ;
+-------------------------------------+-----------------------------------------------+---------------+-------------+----------------+
; COMPILER_SIGNATURE_ID               ; 5218839601444.172900242643988                 ; --            ; --          ; --             ;
; EDA_GENERATE_FUNCTIONAL_NETLIST     ; On                                            ; --            ; --          ; eda_simulation ;
; EDA_NETLIST_WRITER_OUTPUT_DIR       ; C:/altera/13.1/quartus/bin64/simulation/qsim/ ; --            ; --          ; eda_simulation ;
; EDA_OUTPUT_DATA_FORMAT              ; Verilog Hdl                                   ; --            ; --          ; eda_simulation ;
; EDA_SIMULATION_TOOL                 ; ModelSim-Altera (Verilog)                     ; <None>        ; --          ; --             ;
; EDA_TIME_SCALE                      ; 1 ps                                          ; --            ; --          ; eda_simulation ;
; IP_TOOL_NAME                        ; LPM_DECODE                                    ; --            ; --          ; --             ;
; IP_TOOL_NAME                        ; LPM_DECODE                                    ; --            ; --          ; --             ;
; IP_TOOL_NAME                        ; LPM_MUX                                       ; --            ; --          ; --             ;
; IP_TOOL_VERSION                     ; 13.1                                          ; --            ; --          ; --             ;
; IP_TOOL_VERSION                     ; 13.1                                          ; --            ; --          ; --             ;
; IP_TOOL_VERSION                     ; 13.1                                          ; --            ; --          ; --             ;
; MISC_FILE                           ; lpm_decode0.bsf                               ; --            ; --          ; --             ;
; MISC_FILE                           ; lpm_decode0.cmp                               ; --            ; --          ; --             ;
; MISC_FILE                           ; lpm_decode1.bsf                               ; --            ; --          ; --             ;
; MISC_FILE                           ; lpm_decode1.cmp                               ; --            ; --          ; --             ;
; MISC_FILE                           ; lpm_mux0.bsf                                  ; --            ; --          ; --             ;
; MISC_FILE                           ; lpm_mux0.cmp                                  ; --            ; --          ; --             ;
; PARTITION_COLOR                     ; 16764057                                      ; --            ; --          ; Top            ;
; PARTITION_FITTER_PRESERVATION_LEVEL ; PLACEMENT_AND_ROUTING                         ; --            ; --          ; Top            ;
; PARTITION_NETLIST_TYPE              ; SOURCE                                        ; --            ; --          ; Top            ;
; POWER_BOARD_THERMAL_MODEL           ; None (CONSERVATIVE)                           ; --            ; --          ; --             ;
; POWER_PRESET_COOLING_SOLUTION       ; 23 MM HEAT SINK WITH 200 LFPM AIRFLOW         ; --            ; --          ; --             ;
; PROJECT_OUTPUT_DIRECTORY            ; output_files                                  ; --            ; --          ; --             ;
+-------------------------------------+-----------------------------------------------+---------------+-------------+----------------+


+-------------------------------------------------------------------------------------------------------------------------------+
; Flow Elapsed Time                                                                                                             ;
+---------------------------+--------------+-------------------------+---------------------+------------------------------------+
; Module Name               ; Elapsed Time ; Average Processors Used ; Peak Virtual Memory ; Total CPU Time (on all processors) ;
+---------------------------+--------------+-------------------------+---------------------+------------------------------------+
; Analysis & Synthesis      ; 00:00:02     ; 1.0                     ; 4706 MB             ; 00:00:00                           ;
; Fitter                    ; 00:00:06     ; 3.2                     ; 6172 MB             ; 00:00:02                           ;
; Assembler                 ; 00:00:05     ; 1.0                     ; 4614 MB             ; 00:00:01                           ;
; TimeQuest Timing Analyzer ; 00:00:01     ; 1.0                     ; 4835 MB             ; 00:00:00                           ;
; EDA Netlist Writer        ; 00:00:00     ; 1.0                     ; 4564 MB             ; 00:00:00                           ;
; EDA Netlist Writer        ; 00:00:01     ; 1.0                     ; 4570 MB             ; 00:00:00                           ;
; EDA Netlist Writer        ; 00:00:01     ; 1.0                     ; 4570 MB             ; 00:00:00                           ;
; Total                     ; 00:00:16     ; --                      ; --                  ; 00:00:03                           ;
+---------------------------+--------------+-------------------------+---------------------+------------------------------------+


+----------------------------------------------------------------------------------------+
; Flow OS Summary                                                                        ;
+---------------------------+------------------+-----------+------------+----------------+
; Module Name               ; Machine Hostname ; OS Name   ; OS Version ; Processor type ;
+---------------------------+------------------+-----------+------------+----------------+
; Analysis & Synthesis      ; TianhaoZhang     ; Windows 7 ; 6.2        ; x86_64         ;
; Fitter                    ; TianhaoZhang     ; Windows 7 ; 6.2        ; x86_64         ;
; Assembler                 ; TianhaoZhang     ; Windows 7 ; 6.2        ; x86_64         ;
; TimeQuest Timing Analyzer ; TianhaoZhang     ; Windows 7 ; 6.2        ; x86_64         ;
; EDA Netlist Writer        ; TianhaoZhang     ; Windows 7 ; 6.2        ; x86_64         ;
; EDA Netlist Writer        ; TianhaoZhang     ; Windows 7 ; 6.2        ; x86_64         ;
; EDA Netlist Writer        ; TianhaoZhang     ; Windows 7 ; 6.2        ; x86_64         ;
+---------------------------+------------------+-----------+------------+----------------+


------------
; Flow Log ;
------------
quartus_map --read_settings_files=on --write_settings_files=off registerblock -c registerblock
quartus_fit --read_settings_files=off --write_settings_files=off registerblock -c registerblock
quartus_asm --read_settings_files=off --write_settings_files=off registerblock -c registerblock
quartus_sta registerblock -c registerblock
quartus_eda --read_settings_files=off --write_settings_files=off registerblock -c registerblock
quartus_eda --gen_testbench --check_outputs=on --tool=modelsim_oem --format=verilog registerblock -c registerblock --vector_source=C:/altera/13.1/quartus/bin64/registerblock.vwf --testbench_file=C:/altera/13.1/quartus/bin64/simulation/qsim/registerblock.vwf.vt
quartus_eda --functional=on --flatten_buses=off --simulation=on --tool=modelsim_oem --format=verilog --output_directory=C:/altera/13.1/quartus/bin64/simulation/qsim/ registerblock -c registerblock



